C:/TouchGFXProjects/06_DynamicGraph_f429i/Core/Src/main.c:918:13:SPI5_Write	1
C:/TouchGFXProjects/06_DynamicGraph_f429i/Core/Src/main.c:1030:6:StartDefaultTask	1
C:/TouchGFXProjects/06_DynamicGraph_f429i/Core/Src/main.c:148:5:__io_putchar	2
C:/TouchGFXProjects/06_DynamicGraph_f429i/Core/Src/main.c:260:6:SystemClock_Config	1
C:/TouchGFXProjects/06_DynamicGraph_f429i/Core/Src/main.c:161:5:main	1
C:/TouchGFXProjects/06_DynamicGraph_f429i/Core/Src/main.c:762:6:IOE_Init	1
C:/TouchGFXProjects/06_DynamicGraph_f429i/Core/Src/main.c:771:6:IOE_ITConfig	1
C:/TouchGFXProjects/06_DynamicGraph_f429i/Core/Src/main.c:783:6:IOE_Write	1
C:/TouchGFXProjects/06_DynamicGraph_f429i/Core/Src/main.c:794:9:IOE_Read	1
C:/TouchGFXProjects/06_DynamicGraph_f429i/Core/Src/main.c:807:10:IOE_ReadMultiple	1
C:/TouchGFXProjects/06_DynamicGraph_f429i/Core/Src/main.c:816:6:IOE_Delay	1
C:/TouchGFXProjects/06_DynamicGraph_f429i/Core/Src/main.c:944:6:LCD_IO_Init	1
C:/TouchGFXProjects/06_DynamicGraph_f429i/Core/Src/main.c:954:6:LCD_IO_WriteData	1
C:/TouchGFXProjects/06_DynamicGraph_f429i/Core/Src/main.c:970:6:LCD_IO_WriteReg	1
C:/TouchGFXProjects/06_DynamicGraph_f429i/Core/Src/main.c:989:10:LCD_IO_ReadData	1
C:/TouchGFXProjects/06_DynamicGraph_f429i/Core/Src/main.c:1016:6:LCD_Delay	1
C:/TouchGFXProjects/06_DynamicGraph_f429i/Core/Src/main.c:1049:6:HAL_TIM_PeriodElapsedCallback	2
C:/TouchGFXProjects/06_DynamicGraph_f429i/Core/Src/main.c:1066:6:Error_Handler	1
