../../TouchGFX/gui/include/gui/model/ModelListener.hpp:12:18:virtual void ModelListener::updateReactionTime(const char*)	0	static
../../TouchGFX/gui/include/gui/model/ModelListener.hpp:13:18:virtual void ModelListener::addReactionValueToGraph(int)	0	static
../../TouchGFX/gui/include/gui/main_screen/MainPresenter.hpp:28:13:MainPresenter::~MainPresenter()	0	static
C:/TouchGFXProjects/06_DynamicGraph_f429i/TouchGFX/gui/src/main_screen/MainPresenter.cpp:10:6:virtual void MainPresenter::activate()	0	static
../../TouchGFX/gui/include/gui/main_screen/MainPresenter.hpp:28:13:virtual MainPresenter::~MainPresenter()	8	static
../../TouchGFX/gui/include/gui/main_screen/MainPresenter.hpp:28:13:virtual void* MainPresenter::_ZThn4_N13MainPresenterD1Ev()	0	static
C:/TouchGFXProjects/06_DynamicGraph_f429i/TouchGFX/gui/src/main_screen/MainPresenter.cpp:4:1:MainPresenter::MainPresenter(MainView&)	0	static
