../../Middlewares/ST/touchgfx/framework/include/touchgfx/Screen.hpp:104:18:virtual void touchgfx::Screen::afterTransition()	0	static
../../Middlewares/ST/touchgfx/framework/include/touchgfx/Screen.hpp:154:18:virtual void touchgfx::Screen::handleKeyEvent(uint8_t)	0	static
C:/TouchGFXProjects/06_DynamicGraph_f429i/TouchGFX/gui/src/main_screen/MainView.cpp:23:6:virtual void MainView::tearDownScreen()	0	static
C:/TouchGFXProjects/06_DynamicGraph_f429i/TouchGFX/gui/src/main_screen/MainView.cpp:32:6:virtual void MainView::sliderValueChanged(int)	0	static
../../TouchGFX/gui/include/gui/main_screen/MainView.hpp:11:13:MainView::~MainView()	8	static
../../TouchGFX/gui/include/gui/main_screen/MainView.hpp:11:13:virtual MainView::~MainView()	8	static
C:/TouchGFXProjects/06_DynamicGraph_f429i/TouchGFX/gui/src/main_screen/MainView.cpp:13:1:MainView::MainView()	8	static
C:/TouchGFXProjects/06_DynamicGraph_f429i/TouchGFX/gui/src/main_screen/MainView.cpp:17:6:virtual void MainView::setupScreen()	0	static
