../../TouchGFX/gui/include/gui/model/ModelListener.hpp:12:18:virtual void ModelListener::updateReactionTime(const char*)	0	static
../../TouchGFX/gui/include/gui/model/ModelListener.hpp:13:18:virtual void ModelListener::addReactionValueToGraph(int)	0	static
../../TouchGFX/gui/include/gui/reaction_test_screen/Reaction_TestPresenter.hpp:23:13:Reaction_TestPresenter::~Reaction_TestPresenter()	0	static
C:/TouchGFXProjects/06_DynamicGraph_f429i/TouchGFX/gui/src/reaction_test_screen/Reaction_TestPresenter.cpp:17:6:virtual void Reaction_TestPresenter::activate()	0	static
../../TouchGFX/gui/include/gui/reaction_test_screen/Reaction_TestPresenter.hpp:23:13:virtual Reaction_TestPresenter::~Reaction_TestPresenter()	8	static
../../TouchGFX/gui/include/gui/reaction_test_screen/Reaction_TestPresenter.hpp:23:13:virtual void* Reaction_TestPresenter::_ZThn4_N22Reaction_TestPresenterD1Ev()	0	static
C:/TouchGFXProjects/06_DynamicGraph_f429i/TouchGFX/gui/src/reaction_test_screen/Reaction_TestPresenter.cpp:6:1:Reaction_TestPresenter::Reaction_TestPresenter(Reaction_TestView&)	0	static
C:/TouchGFXProjects/06_DynamicGraph_f429i/TouchGFX/gui/src/reaction_test_screen/Reaction_TestPresenter.cpp:12:25:static Reaction_TestPresenter* Reaction_TestPresenter::getInstance()	0	static
C:/TouchGFXProjects/06_DynamicGraph_f429i/TouchGFX/gui/src/reaction_test_screen/Reaction_TestPresenter.cpp:22:6:void Reaction_TestPresenter::updateGraph(int)	0	static
